// Jest Snapshot v1, https://goo.gl/fbAQLP

exports[`App renders correctly 1`] = `
<div>
  <div
    class="App"
  >
    <h1>
      Hello World!
    </h1>
    <div>
      <h3>
        GitHub User Info
      </h3>
      <ul />
    </div>
    <div>
      <h3>
        GitHub User Info
      </h3>
      <ul />
    </div>
  </div>
</div>
`;
